[    1464ms] [ERROR] WebSocket connection to 'ws://127.0.0.1:6463/?v=1' failed: Error in connection establishment: net::ERR_CONNECTION_REFUSED @ https://discord.com/assets/web.c6c3aea6fd863644.js:26
[    1469ms] [WARNING] AnalyticsTrackImpressionContext function unimplemented @ https://discord.com/assets/sentry.da140b22e3d33927.js:14
[    1472ms] [ERROR] WebSocket connection to 'ws://127.0.0.1:6464/?v=1' failed: Error in connection establishment: net::ERR_CONNECTION_REFUSED @ https://discord.com/assets/web.c6c3aea6fd863644.js:26
[    1473ms] [ERROR] WebSocket connection to 'ws://127.0.0.1:6465/?v=1' failed: Error in connection establishment: net::ERR_CONNECTION_REFUSED @ https://discord.com/assets/web.c6c3aea6fd863644.js:26
[    1473ms] [ERROR] WebSocket connection to 'ws://127.0.0.1:6466/?v=1' failed: Error in connection establishment: net::ERR_CONNECTION_REFUSED @ https://discord.com/assets/web.c6c3aea6fd863644.js:26
[    1473ms] [ERROR] WebSocket connection to 'ws://127.0.0.1:6467/?v=1' failed: Error in connection establishment: net::ERR_CONNECTION_REFUSED @ https://discord.com/assets/web.c6c3aea6fd863644.js:26
[    1474ms] [ERROR] WebSocket connection to 'ws://127.0.0.1:6468/?v=1' failed: Error in connection establishment: net::ERR_CONNECTION_REFUSED @ https://discord.com/assets/web.c6c3aea6fd863644.js:26
[    1474ms] [ERROR] WebSocket connection to 'ws://127.0.0.1:6469/?v=1' failed: Error in connection establishment: net::ERR_CONNECTION_REFUSED @ https://discord.com/assets/web.c6c3aea6fd863644.js:26
[    1475ms] [ERROR] WebSocket connection to 'ws://127.0.0.1:6470/?v=1' failed: Error in connection establishment: net::ERR_CONNECTION_REFUSED @ https://discord.com/assets/web.c6c3aea6fd863644.js:26
[    1478ms] [ERROR] WebSocket connection to 'ws://127.0.0.1:6471/?v=1' failed: Error in connection establishment: net::ERR_CONNECTION_REFUSED @ https://discord.com/assets/web.c6c3aea6fd863644.js:26
[    1479ms] [ERROR] WebSocket connection to 'ws://127.0.0.1:6472/?v=1' failed: Error in connection establishment: net::ERR_CONNECTION_REFUSED @ https://discord.com/assets/web.c6c3aea6fd863644.js:26
[    1587ms] [WARNING] AnalyticsTrackImpressionContext function unimplemented @ https://discord.com/assets/sentry.da140b22e3d33927.js:14
[    1590ms] [WARNING] AnalyticsTrackImpressionContext function unimplemented @ https://discord.com/assets/sentry.da140b22e3d33927.js:14
[    1860ms] [WARNING] AnalyticsTrackImpressionContext function unimplemented @ https://discord.com/assets/sentry.da140b22e3d33927.js:14
[    1868ms] [WARNING] AnalyticsTrackImpressionContext function unimplemented @ https://discord.com/assets/sentry.da140b22e3d33927.js:14
[    4919ms] [WARNING] The resource https://discord.com/assets/ce3b8055f5114434.woff2 was preloaded using link preload but not used within a few seconds from the window's load event. Please make sure it has an appropriate `as` value and it is preloaded intentionally. @ https://discord.com/oauth2/authorize?client_id=1483427869626597458&scope=bot&permissions=68672:0
[    4919ms] [WARNING] The resource https://discord.com/assets/cb2006dbced0e246.woff2 was preloaded using link preload but not used within a few seconds from the window's load event. Please make sure it has an appropriate `as` value and it is preloaded intentionally. @ https://discord.com/oauth2/authorize?client_id=1483427869626597458&scope=bot&permissions=68672:0
[    4919ms] [WARNING] The resource https://discord.com/assets/7a6a566c2e88a35d.woff2 was preloaded using link preload but not used within a few seconds from the window's load event. Please make sure it has an appropriate `as` value and it is preloaded intentionally. @ https://discord.com/oauth2/authorize?client_id=1483427869626597458&scope=bot&permissions=68672:0
[    4919ms] [WARNING] The resource https://discord.com/assets/e52f0cba712e2fb4.woff2 was preloaded using link preload but not used within a few seconds from the window's load event. Please make sure it has an appropriate `as` value and it is preloaded intentionally. @ https://discord.com/oauth2/authorize?client_id=1483427869626597458&scope=bot&permissions=68672:0
[    4919ms] [WARNING] The resource https://discord.com/assets/dd24010f3cf7def7.woff2 was preloaded using link preload but not used within a few seconds from the window's load event. Please make sure it has an appropriate `as` value and it is preloaded intentionally. @ https://discord.com/oauth2/authorize?client_id=1483427869626597458&scope=bot&permissions=68672:0
[   22210ms] [WARNING] AnalyticsTrackImpressionContext function unimplemented @ https://discord.com/assets/sentry.da140b22e3d33927.js:14
[   27689ms] [WARNING] AnalyticsTrackImpressionContext function unimplemented @ https://discord.com/assets/sentry.da140b22e3d33927.js:14
[   30744ms] [WARNING] The resource https://discord.com/assets/ce3b8055f5114434.woff2 was preloaded using link preload but not used within a few seconds from the window's load event. Please make sure it has an appropriate `as` value and it is preloaded intentionally. @ https://discord.com/oauth2/authorize?client_id=1483427869626597458&scope=bot&permissions=68672:0
[   30744ms] [WARNING] The resource https://discord.com/assets/cb2006dbced0e246.woff2 was preloaded using link preload but not used within a few seconds from the window's load event. Please make sure it has an appropriate `as` value and it is preloaded intentionally. @ https://discord.com/oauth2/authorize?client_id=1483427869626597458&scope=bot&permissions=68672:0
[   30744ms] [WARNING] The resource https://discord.com/assets/7a6a566c2e88a35d.woff2 was preloaded using link preload but not used within a few seconds from the window's load event. Please make sure it has an appropriate `as` value and it is preloaded intentionally. @ https://discord.com/oauth2/authorize?client_id=1483427869626597458&scope=bot&permissions=68672:0
[   30744ms] [WARNING] The resource https://discord.com/assets/e52f0cba712e2fb4.woff2 was preloaded using link preload but not used within a few seconds from the window's load event. Please make sure it has an appropriate `as` value and it is preloaded intentionally. @ https://discord.com/oauth2/authorize?client_id=1483427869626597458&scope=bot&permissions=68672:0
[   30744ms] [WARNING] The resource https://discord.com/assets/dd24010f3cf7def7.woff2 was preloaded using link preload but not used within a few seconds from the window's load event. Please make sure it has an appropriate `as` value and it is preloaded intentionally. @ https://discord.com/oauth2/authorize?client_id=1483427869626597458&scope=bot&permissions=68672:0
[   33037ms] [WARNING] AnalyticsTrackImpressionContext function unimplemented @ https://discord.com/assets/sentry.da140b22e3d33927.js:14
[   33643ms] [ERROR] Failed to load resource: the server responded with a status of 400 () @ https://discord.com/api/v9/oauth2/authorize?client_id=1483427869626597458&scope=bot%20applications.commands:0
[   33737ms] [WARNING] AnalyticsTrackImpressionContext function unimplemented @ https://discord.com/assets/sentry.da140b22e3d33927.js:14
[   34027ms] [WARNING] AnalyticsTrackImpressionContext function unimplemented @ https://discord.com/assets/sentry.da140b22e3d33927.js:14
[   37740ms] [WARNING] The resource https://discord.com/assets/ce3b8055f5114434.woff2 was preloaded using link preload but not used within a few seconds from the window's load event. Please make sure it has an appropriate `as` value and it is preloaded intentionally. @ https://discord.com/oauth2/authorize?client_id=1483427869626597458&scope=bot&permissions=68672:0
[   37740ms] [WARNING] The resource https://discord.com/assets/cb2006dbced0e246.woff2 was preloaded using link preload but not used within a few seconds from the window's load event. Please make sure it has an appropriate `as` value and it is preloaded intentionally. @ https://discord.com/oauth2/authorize?client_id=1483427869626597458&scope=bot&permissions=68672:0
[   37740ms] [WARNING] The resource https://discord.com/assets/7a6a566c2e88a35d.woff2 was preloaded using link preload but not used within a few seconds from the window's load event. Please make sure it has an appropriate `as` value and it is preloaded intentionally. @ https://discord.com/oauth2/authorize?client_id=1483427869626597458&scope=bot&permissions=68672:0
[   37740ms] [WARNING] The resource https://discord.com/assets/e52f0cba712e2fb4.woff2 was preloaded using link preload but not used within a few seconds from the window's load event. Please make sure it has an appropriate `as` value and it is preloaded intentionally. @ https://discord.com/oauth2/authorize?client_id=1483427869626597458&scope=bot&permissions=68672:0
[   37740ms] [WARNING] The resource https://discord.com/assets/dd24010f3cf7def7.woff2 was preloaded using link preload but not used within a few seconds from the window's load event. Please make sure it has an appropriate `as` value and it is preloaded intentionally. @ https://discord.com/oauth2/authorize?client_id=1483427869626597458&scope=bot&permissions=68672:0
[   40095ms] [WARNING] AnalyticsTrackImpressionContext function unimplemented @ https://discord.com/assets/sentry.da140b22e3d33927.js:14
[   40096ms] [WARNING] AnalyticsTrackImpressionContext function unimplemented @ https://discord.com/assets/sentry.da140b22e3d33927.js:14
[   40100ms] [WARNING] AnalyticsTrackImpressionContext function unimplemented @ https://discord.com/assets/sentry.da140b22e3d33927.js:14
[   40232ms] [ERROR] Failed to load resource: the server responded with a status of 400 () @ https://discord.com/api/v9/applications//disclosures:0
[   40275ms] [ERROR] Failed to load resource: the server responded with a status of 400 () @ https://discord.com/api/v9/applications//public?with_guild=false:0
[   40280ms] Object
[   43361ms] [WARNING] The resource https://discord.com/assets/ce3b8055f5114434.woff2 was preloaded using link preload but not used within a few seconds from the window's load event. Please make sure it has an appropriate `as` value and it is preloaded intentionally. @ https://discord.com/oauth2/authorized:0
[   43361ms] [WARNING] The resource https://discord.com/assets/cb2006dbced0e246.woff2 was preloaded using link preload but not used within a few seconds from the window's load event. Please make sure it has an appropriate `as` value and it is preloaded intentionally. @ https://discord.com/oauth2/authorized:0
[   43361ms] [WARNING] The resource https://discord.com/assets/7a6a566c2e88a35d.woff2 was preloaded using link preload but not used within a few seconds from the window's load event. Please make sure it has an appropriate `as` value and it is preloaded intentionally. @ https://discord.com/oauth2/authorized:0
[   43361ms] [WARNING] The resource https://discord.com/assets/e52f0cba712e2fb4.woff2 was preloaded using link preload but not used within a few seconds from the window's load event. Please make sure it has an appropriate `as` value and it is preloaded intentionally. @ https://discord.com/oauth2/authorized:0
[   43361ms] [WARNING] The resource https://discord.com/assets/dd24010f3cf7def7.woff2 was preloaded using link preload but not used within a few seconds from the window's load event. Please make sure it has an appropriate `as` value and it is preloaded intentionally. @ https://discord.com/oauth2/authorized:0
[  124137ms] [WARNING] The resource https://discord.com/assets/ce3b8055f5114434.woff2 was preloaded using link preload but not used within a few seconds from the window's load event. Please make sure it has an appropriate `as` value and it is preloaded intentionally. @ https://discord.com/oauth2/authorized:0
[  124137ms] [WARNING] The resource https://discord.com/assets/cb2006dbced0e246.woff2 was preloaded using link preload but not used within a few seconds from the window's load event. Please make sure it has an appropriate `as` value and it is preloaded intentionally. @ https://discord.com/oauth2/authorized:0
[  124137ms] [WARNING] The resource https://discord.com/assets/7a6a566c2e88a35d.woff2 was preloaded using link preload but not used within a few seconds from the window's load event. Please make sure it has an appropriate `as` value and it is preloaded intentionally. @ https://discord.com/oauth2/authorized:0
[  124137ms] [WARNING] The resource https://discord.com/assets/e52f0cba712e2fb4.woff2 was preloaded using link preload but not used within a few seconds from the window's load event. Please make sure it has an appropriate `as` value and it is preloaded intentionally. @ https://discord.com/oauth2/authorized:0
[  124137ms] [WARNING] The resource https://discord.com/assets/dd24010f3cf7def7.woff2 was preloaded using link preload but not used within a few seconds from the window's load event. Please make sure it has an appropriate `as` value and it is preloaded intentionally. @ https://discord.com/oauth2/authorized:0
[ 1432929ms] [WARNING] The resource https://discord.com/assets/ce3b8055f5114434.woff2 was preloaded using link preload but not used within a few seconds from the window's load event. Please make sure it has an appropriate `as` value and it is preloaded intentionally. @ https://discord.com/oauth2/authorized:0
[ 1432930ms] [WARNING] The resource https://discord.com/assets/cb2006dbced0e246.woff2 was preloaded using link preload but not used within a few seconds from the window's load event. Please make sure it has an appropriate `as` value and it is preloaded intentionally. @ https://discord.com/oauth2/authorized:0
[ 1432930ms] [WARNING] The resource https://discord.com/assets/7a6a566c2e88a35d.woff2 was preloaded using link preload but not used within a few seconds from the window's load event. Please make sure it has an appropriate `as` value and it is preloaded intentionally. @ https://discord.com/oauth2/authorized:0
[ 1432930ms] [WARNING] The resource https://discord.com/assets/e52f0cba712e2fb4.woff2 was preloaded using link preload but not used within a few seconds from the window's load event. Please make sure it has an appropriate `as` value and it is preloaded intentionally. @ https://discord.com/oauth2/authorized:0
[ 1432930ms] [WARNING] The resource https://discord.com/assets/dd24010f3cf7def7.woff2 was preloaded using link preload but not used within a few seconds from the window's load event. Please make sure it has an appropriate `as` value and it is preloaded intentionally. @ https://discord.com/oauth2/authorized:0
[ 2837302ms] [ERROR] Failed to load resource: the server responded with a status of 404 () @ https://brainstormrouter.com/favicon.ico:0
[ 2932512ms] [WARNING] Specifying 'overflow: visible' on img, video and canvas tags may cause them to produce visual content outside of the element bounds. See https://github.com/WICG/view-transitions/blob/main/debugging_overflow_on_images.md for details. @ https://www.cnn.com/:23232
[ 2932698ms] [ERROR] %c TOS was NOT accepted, AdFuel will not load. background: red;color:white; @ https://www.cnn.com/media/sites/js/bundles/cnn-adfuel-body-ce629a06dd9ae26fcf1778200af19977b8fd1d67d8bea457e8b6e0794672344a.min.js:0
[ 2933676ms] [ERROR] FAVE -->> KeyValueStore: Error invoking key/value pair function. TypeError: window.turner_getGuid is not a function
    at https://www.cnn.com/:22910:1086
    at n (https://registry.api.cnn.io/bundles/fave/boltInstance-32b9505f/boltInstance:1:266453)
    at e.value (https://registry.api.cnn.io/bundles/fave/boltInstance-32b9505f/boltInstance:1:266991)
    at e.value (https://registry.api.cnn.io/bundles/fave/boltInstance-32b9505f/boltInstance:1:267898)
    at t.value (https://registry.api.cnn.io/bundles/fave/boltInstance-32b9505f/boltInstance:1:227186)
    at t.value (https://registry.api.cnn.io/bundles/fave/boltInstance-32b9505f/boltInstance:1:354905)
    at t.value (https://registry.api.cnn.io/bundles/fave/boltInstance-32b9505f/boltInstance:1:344923)
    at t.value (https://registry.api.cnn.io/bundles/fave/boltInstance-32b9505f/boltInstance:1:338257)
    at https://registry.api.cnn.io/bundles/fave/boltInstance-32b9505f/boltInstance:1:310921 @ https://registry.api.cnn.io/bundles/fave/latest-4.x/js:0
[ 2934040ms] [ERROR] FAVE -->> KeyValueStore: Error invoking key/value pair function. TypeError: window.turner_getGuid is not a function
    at https://www.cnn.com/:22910:1086
    at n (https://registry.api.cnn.io/bundles/fave/boltInstance-32b9505f/boltInstance:1:266453)
    at e.value (https://registry.api.cnn.io/bundles/fave/boltInstance-32b9505f/boltInstance:1:266991)
    at e.value (https://registry.api.cnn.io/bundles/fave/boltInstance-32b9505f/boltInstance:1:267898)
    at t.value (https://registry.api.cnn.io/bundles/fave/boltInstance-32b9505f/boltInstance:1:227186)
    at t.value (https://registry.api.cnn.io/bundles/fave/boltInstance-32b9505f/boltInstance:1:354905)
    at https://registry.api.cnn.io/bundles/fave/boltInstance-32b9505f/boltInstance:1:327098
    at a.execute (https://registry.api.cnn.io/bundles/fave/vendor-f9ea2c98/vendor:1:1025302)
    at o.dispatch (https://registry.api.cnn.io/bundles/fave/vendor-f9ea2c98/vendor:1:1027406)
    at o.dispatch (https://registry.api.cnn.io/bundles/fave/vendor-f9ea2c98/vendor:1:1025127) @ https://registry.api.cnn.io/bundles/fave/latest-4.x/js:0
[ 2934040ms] [ERROR] FAVE -->> KeyValueStore: Error invoking key/value pair function. TypeError: window.turner_getGuid is not a function
    at https://www.cnn.com/:22910:1086
    at n (https://registry.api.cnn.io/bundles/fave/boltInstance-32b9505f/boltInstance:1:266453)
    at e.value (https://registry.api.cnn.io/bundles/fave/boltInstance-32b9505f/boltInstance:1:266991)
    at e.value (https://registry.api.cnn.io/bundles/fave/boltInstance-32b9505f/boltInstance:1:267898)
    at t.value (https://registry.api.cnn.io/bundles/fave/boltInstance-32b9505f/boltInstance:1:227186)
    at t.value (https://registry.api.cnn.io/bundles/fave/boltInstance-32b9505f/boltInstance:1:354905)
    at https://registry.api.cnn.io/bundles/fave/boltInstance-32b9505f/boltInstance:1:327266
    at a.execute (https://registry.api.cnn.io/bundles/fave/vendor-f9ea2c98/vendor:1:1025302)
    at o.dispatch (https://registry.api.cnn.io/bundles/fave/vendor-f9ea2c98/vendor:1:1027406)
    at o.dispatch (https://registry.api.cnn.io/bundles/fave/vendor-f9ea2c98/vendor:1:1025127) @ https://registry.api.cnn.io/bundles/fave/latest-4.x/js:0
[ 2934065ms] [WARNING] [GSI_LOGGER]: Your client application uses one of the Google One Tap prompt UI status methods that may stop functioning when FedCM becomes mandatory. Refer to the migration guide to update your code accordingly and opt-in to FedCM to test your changes. Learn more: https://developers.google.com/identity/gsi/web/guides/fedcm-migration?s=dc#display_moment and https://developers.google.com/identity/gsi/web/guides/fedcm-migration?s=dc#skipped_moment @ https://accounts.google.com/gsi/client:80
[ 2934072ms] [ERROR] Not signed in with the identity provider. @ https://www.cnn.com/:0
[ 2934192ms] [WARNING] Failed to execute 'postMessage' on 'DOMWindow': The target origin provided ('https://tpc.googlesyndication.com') does not match the recipient window's origin ('https://www.cnn.com'). @ https://registry.api.cnn.io/bundles/fave/boltPlayer-b296f72a/boltPlayer:0
[ 2934218ms] [ERROR] [GSI_LOGGER]: FedCM get() rejects with AbortError: signal is aborted without reason @ https://accounts.google.com/gsi/client:81
[ 2934750ms] TypeError: Cannot read properties of undefined (reading 'track')
    at c (https://www.cnn.com/:23251:1241)
    at T (https://www.cnn.com/:23251:1442)
[ 2934753ms] [ERROR] Player | Something went wrong resolving playback info: [object Object] NetworkError: Failed to fetch
    at https://registry.api.cnn.io/bundles/fave/boltPlayer-b296f72a/boltPlayer:1345:171018
    at u.request (https://registry.api.cnn.io/bundles/fave/boltPlayer-b296f72a/boltPlayer:1345:171060)
    at async u.post (https://registry.api.cnn.io/bundles/fave/boltPlayer-b296f72a/boltPlayer:1345:171218)
    at async H.resolve (https://registry.api.cnn.io/bundles/fave/boltPlayer-b296f72a/boltPlayer:1345:187311)
    at async https://registry.api.cnn.io/bundles/fave/boltPlayer-b296f72a/boltPlayer:1345:338759 @ https://registry.api.cnn.io/bundles/fave/boltPlayer-b296f72a/boltPlayer:1344
[ 2934851ms] [WARNING] Specifying 'overflow: visible' on img, video and canvas tags may cause them to produce visual content outside of the element bounds. See https://github.com/WICG/view-transitions/blob/main/debugging_overflow_on_images.md for details. @ https://www.cnn.com/:18004
[ 2935194ms] [WARNING] Unable to get WebChoices Preferences TIME OUT @ https://s.ntv.io/serve/load.js:1
[ 2935196ms] [ERROR] Failed to load resource: the server responded with a status of 410 (Gone) @ https://ads.stickyadstv.com/user-matching?id=185&_fw_gdpr=0&_fw_gdpr_consent=:0
[ 2935197ms] [ERROR] Failed to load resource: the server responded with a status of 410 (Gone) @ https://ads.stickyadstv.com/auto-user-sync:0
[ 2935275ms] [ERROR] Attestation check for Protected Audience on https://htlb.casalemedia.com failed. @ https://www.cnn.com/:0
[ 2935275ms] [ERROR] Attestation check for Protected Audience on https://tlx.3lift.com failed. @ https://www.cnn.com/:0
[ 2935275ms] [ERROR] Attestation check for Protected Audience on https://grid-bidder.criteo.com failed. @ https://www.cnn.com/:0
[ 2935275ms] [ERROR] Attestation check for Protected Audience on https://direct.adsrvr.org failed. @ https://www.cnn.com/:0
[ 2935275ms] [ERROR] Attestation check for Protected Audience on https://krk2.kargo.com failed. @ https://www.cnn.com/:0
[ 2935275ms] [ERROR] Attestation check for Protected Audience on https://exchange.postrelease.com failed. @ https://www.cnn.com/:0
[ 2935275ms] [ERROR] Attestation check for Protected Audience on https://prebid.media.net failed. @ https://www.cnn.com/:0
[ 2935275ms] [ERROR] Attestation check for Protected Audience on https://fastlane.rubiconproject.com failed. @ https://www.cnn.com/:0
[ 2935275ms] [ERROR] Attestation check for Protected Audience on https://a.teads.tv failed. @ https://www.cnn.com/:0
[ 2935276ms] [ERROR] Attestation check for Protected Audience on https://hb.openwebmp.com failed. @ https://www.cnn.com/:0
[ 2935353ms] [ERROR] Attestation check for Protected Audience on https://hbopenbid.pubmatic.com failed. @ https://www.cnn.com/:0
[ 2935749ms] [ERROR] Failed to load resource: net::ERR_NAME_NOT_RESOLVED @ https://id.geistm.com/m/OB/UwPyhI427IUfkf1snMyGOj_WCcLyuPq2_NHJ3-64lpHfvHR6LrfqHXcy0t3Y2ncx:0
[ 2935777ms] [WARNING] Failed to execute 'postMessage' on 'DOMWindow': The target origin provided ('https://tpc.googlesyndication.com') does not match the recipient window's origin ('https://www.cnn.com'). @ https://registry.api.cnn.io/bundles/fave/boltPlayer-b296f72a/boltPlayer:0
[ 2936237ms] [WARNING] Mixed Content: The page at 'https://ssum-sec.casalemedia.com/usermatch?us_privacy=1---&d=https%3A%2F%2Fwww.cnn.com%2F&s=184674&cb=https%3A%2F%2Fcdn.indexww.com%2Fht%2Fhtw-pixel.gif%3F' was loaded over HTTPS, but requested an insecure element 'http://rtb2-useast.delivrdsp.ai/sync?exchange=1378&r=https%3A%2F%2Fdsum-sec.casalemedia.com%2Fcrum%3Fcm_dsp_id%3D282%26external_user_id%3D%7BUID%7D&us_privacy=1---'. This request was automatically upgraded to HTTPS, For more information see https://blog.chromium.org/2019/10/no-more-mixed-messages-about-https.html @ https://ssum-sec.casalemedia.com/usermatch?us_privacy=1---&d=https%3A%2F%2Fwww.cnn.com%2F&s=184674&cb=https%3A%2F%2Fcdn.indexww.com%2Fht%2Fhtw-pixel.gif%3F:0
[ 2936238ms] [WARNING] Mixed Content: The page at 'https://ssum-sec.casalemedia.com/usermatch?us_privacy=1---&d=https%3A%2F%2Fwww.cnn.com%2F&s=184674&cb=https%3A%2F%2Fcdn.indexww.com%2Fht%2Fhtw-pixel.gif%3F' was loaded over HTTPS, but requested an insecure element 'http://rtb2-useast.delivrdsp.ai/sync?exchange=1378&r=https%3A%2F%2Fdsum-sec.casalemedia.com%2Fcrum%3Fcm_dsp_id%3D282%26external_user_id%3D%7BUID%7D&us_privacy=1---'. This request was automatically upgraded to HTTPS, For more information see https://blog.chromium.org/2019/10/no-more-mixed-messages-about-https.html @ https://ssum-sec.casalemedia.com/usermatch?us_privacy=1---&d=https%3A%2F%2Fwww.cnn.com%2F&s=184674&cb=https%3A%2F%2Fcdn.indexww.com%2Fht%2Fhtw-pixel.gif%3F:0
[ 2936348ms] [WARNING] It is recommended that a robustness level be specified. Not specifying the robustness level could result in unexpected behavior. @ https://registry.api.cnn.io/bundles/fave/boltPlayer-b296f72a/boltPlayer:0
[ 2936414ms] [WARNING] [GPT] Using deprecated googletag.encryptedSignalProviders. Please use googletag.secureSignalProviders instead.
https://goo.gle/gpt-message#155 @ https://securepubads.g.doubleclick.net/pagead/managed/js/gpt/m202603160101/pubads_impl.js?cb=31097270:18
[ 2936753ms] [ERROR] Player | Player received error, stopping playback session: 08fd787a-1e55-451b-ad66-72d1cfe686d3 code:1K-0043 message: NoKeySystemAvailable: No key system available on device undefined @ https://registry.api.cnn.io/bundles/fave/boltPlayer-b296f72a/boltPlayer:1344
[ 2937188ms] [ERROR] Attestation check for Attribution Reporting on https://ad.doubleclick.net failed. @ https://www.cnn.com/:0
[ 2937207ms] [ERROR] Attestation check for Attribution Reporting on https://ad.doubleclick.net failed. @ https://www.cnn.com/:0
[ 2937257ms] [ERROR] Attestation check for Attribution Reporting on https://ad.doubleclick.net failed. @ https://www.cnn.com/:0
[ 2937490ms] [ERROR] Attestation check for Shared Storage on https://www.googleadservices.com failed. @ https://www.googleadservices.com/pagead/managed/js/activeview/current/reach_worklet.html:0
[ 2936237ms] [WARNING] Mixed Content: The page at 'https://ssum-sec.casalemedia.com/usermatch?us_privacy=1---&d=https%3A%2F%2Fwww.cnn.com%2F&s=184674&cb=https%3A%2F%2Fcdn.indexww.com%2Fht%2Fhtw-pixel.gif%3F' was loaded over HTTPS, but requested an insecure element 'http://rtb2-useast.delivrdsp.ai/sync?exchange=1378&r=https%3A%2F%2Fdsum-sec.casalemedia.com%2Fcrum%3Fcm_dsp_id%3D282%26external_user_id%3D%7BUID%7D&us_privacy=1---'. This request was automatically upgraded to HTTPS, For more information see https://blog.chromium.org/2019/10/no-more-mixed-messages-about-https.html @ https://ssum-sec.casalemedia.com/usermatch?us_privacy=1---&d=https%3A%2F%2Fwww.cnn.com%2F&s=184674&cb=https%3A%2F%2Fcdn.indexww.com%2Fht%2Fhtw-pixel.gif%3F:0
[ 2936238ms] [WARNING] Mixed Content: The page at 'https://ssum-sec.casalemedia.com/usermatch?us_privacy=1---&d=https%3A%2F%2Fwww.cnn.com%2F&s=184674&cb=https%3A%2F%2Fcdn.indexww.com%2Fht%2Fhtw-pixel.gif%3F' was loaded over HTTPS, but requested an insecure element 'http://rtb2-useast.delivrdsp.ai/sync?exchange=1378&r=https%3A%2F%2Fdsum-sec.casalemedia.com%2Fcrum%3Fcm_dsp_id%3D282%26external_user_id%3D%7BUID%7D&us_privacy=1---'. This request was automatically upgraded to HTTPS, For more information see https://blog.chromium.org/2019/10/no-more-mixed-messages-about-https.html @ https://ssum-sec.casalemedia.com/usermatch?us_privacy=1---&d=https%3A%2F%2Fwww.cnn.com%2F&s=184674&cb=https%3A%2F%2Fcdn.indexww.com%2Fht%2Fhtw-pixel.gif%3F:0
[ 2939740ms] [ERROR] Failed to load resource: the server responded with a status of 429 () @ https://ssp-sync.criteo.com/user-sync/match?p=RCJ-Kl8xQmlxd1JkTHlHTHNSQ2x4RHRNQTIwZGZZOGlwUCUyRkFYYlVxZXNrRnhybWslM0Q&u=CAESENJsyoFm-DZJLSp5fW3T3h8&gdpr=0&gdpr_consent=&google_cver=1:0
[ 2939775ms] [ERROR] Failed to load resource: the server responded with a status of 429 () @ https://ssp-sync.criteo.com/user-sync/redirect?profile=342&gdpr=0&gdpr_consent=&redir=https%3A%2F%2Fcs.openwebmp.com%2Fcs%3Faid%3D40045%26id%3D%24%7BCRITEO_USER_ID%7D:0
[ 2939887ms] [WARNING] [iFrameSizer][Host page: iFrameResizer0] IFrame has not responded within 5 seconds. Check iFrameResizer.contentWindow.js has been loaded in iFrame. This message can be ingored if everything is working, or you can set the warningTimeout option to a higher value or zero to suppress this warning. @ https://cdnjs.cloudflare.com/ajax/libs/iframe-resizer/3.6.1/iframeResizer.min.js:7
[ 2939962ms] [WARNING] [iFrameSizer][Host page: iFrameResizer0] IFrame has not responded within 5 seconds. Check iFrameResizer.contentWindow.js has been loaded in iFrame. This message can be ingored if everything is working, or you can set the warningTimeout option to a higher value or zero to suppress this warning. @ https://cdnjs.cloudflare.com/ajax/libs/iframe-resizer/3.6.1/iframeResizer.min.js:7
[ 2939775ms] [ERROR] Failed to load resource: the server responded with a status of 429 () @ https://ssp-sync.criteo.com/user-sync/redirect?profile=342&gdpr=0&gdpr_consent=&redir=https%3A%2F%2Fcs.openwebmp.com%2Fcs%3Faid%3D40045%26id%3D%24%7BCRITEO_USER_ID%7D:0
[ 2939775ms] [ERROR] Failed to load resource: the server responded with a status of 429 () @ https://ssp-sync.criteo.com/user-sync/redirect?profile=342&gdpr=0&gdpr_consent=&redir=https%3A%2F%2Fcs.openwebmp.com%2Fcs%3Faid%3D40045%26id%3D%24%7BCRITEO_USER_ID%7D:0
[ 2940287ms] [ERROR] Failed to load resource: the server responded with a status of 400 (Bad Request) @ https://measureadv.com/userIframe?gdpr=0&gdpr_consent=&p=2&redirect=https%3A%2F%2Fcs-server-s2s.yellowblue.io%2Fcs%3Ffwrd%3D1%26aid%3D11586%26id%3D%7BUID%7D&usp_consent=%5BUS_PRIVACY%5D:0
[ 2940305ms] [ERROR] Failed to load resource: the server responded with a status of 429 () @ https://ssp-sync.criteo.com/user-sync/redirect?gdpr=0&gdpr_consent=&profile=342&redir=https%3A%2F%2Fcs-server-s2s.yellowblue.io%2Fcs%3Ffwrd%3D1%26aid%3D11614%26id%3D%24%7BCRITEO_USER_ID%7D:0
[ 2940354ms] [ERROR] Failed to load resource: the server responded with a status of 429 () @ https://ssp-sync.criteo.com/user-sync/match?p=vHPfpV85cHNQNllmTmxQdFVOQVFnTUVIOFpaanhLOWRwTTNCa2JSU2RnWUF3YzZ3JTNE&u=8f475061-563f-440a-bd86-eaf3c8b5655a:0
[ 2940354ms] [ERROR] Failed to load resource: the server responded with a status of 429 () @ https://ssp-sync.criteo.com/user-sync/match?p=2pk8Ql9RWUlVbDZKcGdRdHJOWGFJZEVSbW9EUnpBemxYZzlyU1Vna2REZ3JudjlNJTNE&u=5931046596725063965&gdpr=0&gdpr_consent=:0
[ 2940363ms] [ERROR] Failed to load resource: the server responded with a status of 429 () @ https://ssp-sync.criteo.com/user-sync/bidder-initiated?gdpr_consent=&gdpr=0&us_privacy=&dsp=11&buyer_id=3721021004335926482:0
[ 2940394ms] [ERROR] Failed to load resource: the server responded with a status of 429 () @ https://ssp-sync.criteo.com/user-sync/match?p=ifjnb19RRE5kS3ZEYnc4RllyUERRU0RlelZOR1hNTzlFeGxYV0RNdlcwZG9sYlFJdjh6d2IxT3FCOTRVbDNFUk8zJTJGRlZCdFkwdmR6RHhMMGZad3lGY05iTEU5SFZjTVhQJTJCNSUyRiUyQklrWllOZGYzZFlxJTJGOHJhQ3FBVk50TDVXNVgyT3ROdUczT1ZnYWpWY2x0SmdMdmpzRXpvS2VlZHhyJTJCJTJGYjZ1cWolMkYlMkZ5ODFXbUpKa2slM0Q&u=8f475061-563f-440a-bd86-eaf3c8b5655a:0
[ 2940459ms] [ERROR] Failed to load resource: the server responded with a status of 429 () @ https://ssp-sync.criteo.com/user-sync/match?p=z40TQF9BSGJCYjZjeGJLa1RRaVRadDM0VkslMkJRcFYwbWNuVTA4WWU4TmdXJTJCJTJCVkpzJTNE&u=OPU2d593b05cc6249b784bd12785be0ba69:0
[ 2940611ms] [ERROR] Failed to load resource: net::ERR_TOO_MANY_REDIRECTS @ https://partners.tremorhub.com/sync?UIIQ=5de22605-59fc-4ab7-b9eb-a9532d744f22:0
[ 2940668ms] [ERROR] Failed to load resource: net::ERR_TOO_MANY_REDIRECTS @ https://pxl.iqm.com/i/ck/pubmatic?puid=3AC2290B-2238-4420-8B14-6482D5AFAAB4:0
[ 2940781ms] [ERROR] Failed to load resource: the server responded with a status of 400 (Bad Request) @ https://match.prod.bidr.io/cookie-sync/ox?gdpr=0&gdpr_consent=%5BGDPR_CONSENT%5D:0
[ 2941092ms] [ERROR] Failed to load resource: the server responded with a status of 424 (Failed Dependency) @ https://t.adx.opera.com/pub/sync?pubid=pub10101531197440&gdpr=1&gdpr_consent=:0
[ 2946108ms] [ERROR] Failed to load resource: net::ERR_CONNECTION_RESET @ https://cs.admanmedia.com/77bb8e39d66271fda1db01d45766b9d9.gif?puid=%5BUID%5D&redir=https%3A%2F%2Fcs-server-s2s.yellowblue.io%2Fcs%3Ffwrd%3D1%26aid%3D11559%26id%3D%5BUID%5D%26gdpr%3D%5BGDPR%5D%26gdpr_consent%3D%5BUSER_CONSENT%5D:0
[ 2947055ms] [ERROR] Attestation check for Protected Audience on https://exchange.postrelease.com failed. @ https://www.cnn.com/:0
[ 2947055ms] [ERROR] Attestation check for Protected Audience on https://htlb.casalemedia.com failed. @ https://www.cnn.com/:0
[ 2947055ms] [ERROR] Attestation check for Protected Audience on https://grid-bidder.criteo.com failed. @ https://www.cnn.com/:0
[ 2947055ms] [ERROR] Attestation check for Protected Audience on https://a.teads.tv failed. @ https://www.cnn.com/:0
[ 2947055ms] [ERROR] Attestation check for Protected Audience on https://tlx.3lift.com failed. @ https://www.cnn.com/:0
[ 2947055ms] [ERROR] Attestation check for Protected Audience on https://direct.adsrvr.org failed. @ https://www.cnn.com/:0
[ 2947055ms] [ERROR] Attestation check for Protected Audience on https://hb.openwebmp.com failed. @ https://www.cnn.com/:0
[ 2947055ms] [ERROR] Attestation check for Protected Audience on https://fastlane.rubiconproject.com failed. @ https://www.cnn.com/:0
[ 2947055ms] [ERROR] Attestation check for Protected Audience on https://prebid.media.net failed. @ https://www.cnn.com/:0
[ 2947066ms] [ERROR] Attestation check for Protected Audience on https://hbopenbid.pubmatic.com failed. @ https://www.cnn.com/:0
[ 2940781ms] [ERROR] Failed to load resource: the server responded with a status of 400 (Bad Request) @ https://match.prod.bidr.io/cookie-sync/ox?gdpr=0&gdpr_consent=%5BGDPR_CONSENT%5D:0
[ 2936237ms] [WARNING] Mixed Content: The page at 'https://ssum-sec.casalemedia.com/usermatch?us_privacy=1---&d=https%3A%2F%2Fwww.cnn.com%2F&s=184674&cb=https%3A%2F%2Fcdn.indexww.com%2Fht%2Fhtw-pixel.gif%3F' was loaded over HTTPS, but requested an insecure element 'http://rtb2-useast.delivrdsp.ai/sync?exchange=1378&r=https%3A%2F%2Fdsum-sec.casalemedia.com%2Fcrum%3Fcm_dsp_id%3D282%26external_user_id%3D%7BUID%7D&us_privacy=1---'. This request was automatically upgraded to HTTPS, For more information see https://blog.chromium.org/2019/10/no-more-mixed-messages-about-https.html @ https://ssum-sec.casalemedia.com/usermatch?us_privacy=1---&d=https%3A%2F%2Fwww.cnn.com%2F&s=184674&cb=https%3A%2F%2Fcdn.indexww.com%2Fht%2Fhtw-pixel.gif%3F:0
[ 2936238ms] [WARNING] Mixed Content: The page at 'https://ssum-sec.casalemedia.com/usermatch?us_privacy=1---&d=https%3A%2F%2Fwww.cnn.com%2F&s=184674&cb=https%3A%2F%2Fcdn.indexww.com%2Fht%2Fhtw-pixel.gif%3F' was loaded over HTTPS, but requested an insecure element 'http://rtb2-useast.delivrdsp.ai/sync?exchange=1378&r=https%3A%2F%2Fdsum-sec.casalemedia.com%2Fcrum%3Fcm_dsp_id%3D282%26external_user_id%3D%7BUID%7D&us_privacy=1---'. This request was automatically upgraded to HTTPS, For more information see https://blog.chromium.org/2019/10/no-more-mixed-messages-about-https.html @ https://ssum-sec.casalemedia.com/usermatch?us_privacy=1---&d=https%3A%2F%2Fwww.cnn.com%2F&s=184674&cb=https%3A%2F%2Fcdn.indexww.com%2Fht%2Fhtw-pixel.gif%3F:0
[ 2948260ms] [WARNING] An iframe which has both allow-scripts and allow-same-origin for its sandbox attribute can escape its sandboxing. @ https://cadmus.script.ac/d2uap9jskdzp2/script.js:0
[ 2937490ms] [ERROR] Attestation check for Shared Storage on https://www.googleadservices.com failed. @ https://www.googleadservices.com/pagead/managed/js/activeview/current/reach_worklet.html:0
[ 2948383ms] [ERROR] Attestation check for Shared Storage on https://www.googleadservices.com failed. @ https://www.googleadservices.com/pagead/managed/js/activeview/current/reach_worklet.html:0
[ 2948652ms] [ERROR] Failed to load resource: net::ERR_HTTP2_SERVER_REFUSED_STREAM @ https://cs.admanmedia.com/73c1e1bfc3bde354d60b80e601ae3914.gif?puid=[UID]&redir=https%3A%2F%2Fonetag-sys.com%2Fmatch%2F%3Fint_id%3D164%26gdpr%3D1%26gdpr_consent%3D%26uid%3D%5BUID%5D&gdpr=1&gdpr_consent=&ccpa=&coppa=:0
[ 2948665ms] [WARNING] This ad's html cannot be accessed using the getHtml method on googletag.Slot. Returning the empty string instead. @ https://securepubads.g.doubleclick.net/pagead/managed/js/gpt/m202603160101/pubads_impl.js?cb=31097270:18
[ 2948948ms] [WARNING] This richload has both an name and id attribute. Only the name will be used to set the richload name in this context. @ https://cdn.flashtalking.com/frameworks/js/api/2/10/html5API.js:0
[ 2949336ms] [WARNING] GSAP target  not found. https://greensock.com @ https://cdn.flashtalking.com/frameworks/js/gsap/3.11.1/gsap.min.js:9
[ 2937490ms] [ERROR] Attestation check for Shared Storage on https://www.googleadservices.com failed. @ https://www.googleadservices.com/pagead/managed/js/activeview/current/reach_worklet.html:0
[ 2948383ms] [ERROR] Attestation check for Shared Storage on https://www.googleadservices.com failed. @ https://www.googleadservices.com/pagead/managed/js/activeview/current/reach_worklet.html:0
[ 2952963ms] [ERROR] Attestation check for Attribution Reporting on https://ad.doubleclick.net failed. @ https://www.cnn.com/:0
[ 2952972ms] [ERROR] Attestation check for Shared Storage on https://www.googleadservices.com failed. @ https://www.googleadservices.com/pagead/managed/js/activeview/current/reach_worklet.html:0
[ 2952974ms] [ERROR] Attestation check for Attribution Reporting on https://ad.doubleclick.net failed. @ https://www.cnn.com/:0
[ 2953038ms] [ERROR] Attestation check for Attribution Reporting on https://ad.doubleclick.net failed. @ https://www.cnn.com/:0
[ 2956988ms] SecurityError: Failed to read a named property 'document' from 'Window': Blocked a frame with origin "https://2973a28907163258905217f9383bc460.safeframe.googlesyndication.com" from accessing a cross-origin frame.
    at https://2973a28907163258905217f9383bc460.safeframe.googlesyndication.com/safeframe/1-0-45/html/container.html:18:-4358
[ 2937490ms] [ERROR] Attestation check for Shared Storage on https://www.googleadservices.com failed. @ https://www.googleadservices.com/pagead/managed/js/activeview/current/reach_worklet.html:0
[ 2948383ms] [ERROR] Attestation check for Shared Storage on https://www.googleadservices.com failed. @ https://www.googleadservices.com/pagead/managed/js/activeview/current/reach_worklet.html:0
[ 2952972ms] [ERROR] Attestation check for Shared Storage on https://www.googleadservices.com failed. @ https://www.googleadservices.com/pagead/managed/js/activeview/current/reach_worklet.html:0
[ 2957021ms] [ERROR] Attestation check for Shared Storage on https://www.googleadservices.com failed. @ https://www.googleadservices.com/pagead/managed/js/activeview/current/reach_worklet.html:0
[ 2957402ms] [WARNING] This ad's html cannot be accessed using the getHtml method on googletag.Slot. Returning the empty string instead. @ https://securepubads.g.doubleclick.net/pagead/managed/js/gpt/m202603160101/pubads_impl.js?cb=31097270:18
[ 2958743ms] [ERROR] Attestation check for Protected Audience on https://a.teads.tv failed. @ https://www.cnn.com/:0
[ 2958743ms] [ERROR] Attestation check for Protected Audience on https://prebid.media.net failed. @ https://www.cnn.com/:0
[ 2958743ms] [ERROR] Attestation check for Protected Audience on https://tlx.3lift.com failed. @ https://www.cnn.com/:0
[ 2958743ms] [ERROR] Attestation check for Protected Audience on https://htlb.casalemedia.com failed. @ https://www.cnn.com/:0
[ 2958743ms] [ERROR] Attestation check for Protected Audience on https://krk2.kargo.com failed. @ https://www.cnn.com/:0
[ 2958743ms] [ERROR] Attestation check for Protected Audience on https://grid-bidder.criteo.com failed. @ https://www.cnn.com/:0
[ 2958743ms] [ERROR] Attestation check for Protected Audience on https://hb.openwebmp.com failed. @ https://www.cnn.com/:0
[ 2958743ms] [ERROR] Attestation check for Protected Audience on https://fastlane.rubiconproject.com failed. @ https://www.cnn.com/:0
[ 2958743ms] [ERROR] Attestation check for Protected Audience on https://direct.adsrvr.org failed. @ https://www.cnn.com/:0
[ 2958743ms] [ERROR] Attestation check for Protected Audience on https://exchange.postrelease.com failed. @ https://www.cnn.com/:0
[ 2958775ms] [WARNING] An iframe which has both allow-scripts and allow-same-origin for its sandbox attribute can escape its sandboxing. @ about:blank:0
[ 2958784ms] [WARNING] An iframe which has both allow-scripts and allow-same-origin for its sandbox attribute can escape its sandboxing. @ about:blank:0
[ 2958792ms] [ERROR] Attestation check for Protected Audience on https://hbopenbid.pubmatic.com failed. @ https://www.cnn.com/:0
[ 2958797ms] [WARNING] An iframe which has both allow-scripts and allow-same-origin for its sandbox attribute can escape its sandboxing. @ about:srcdoc:0
[ 2958849ms] [WARNING] An iframe which has both allow-scripts and allow-same-origin for its sandbox attribute can escape its sandboxing. @ about:srcdoc:0
[ 2959770ms] [ERROR] Failed to load resource: the server responded with a status of 504 () @ https://hb.openwebmp.com/hb-multi:0
[ 2960429ms] [WARNING] An iframe which has both allow-scripts and allow-same-origin for its sandbox attribute can escape its sandboxing. @ https://cadmus.script.ac/d2uap9jskdzp2/script.js:0
[ 2937490ms] [ERROR] Attestation check for Shared Storage on https://www.googleadservices.com failed. @ https://www.googleadservices.com/pagead/managed/js/activeview/current/reach_worklet.html:0
[ 2948383ms] [ERROR] Attestation check for Shared Storage on https://www.googleadservices.com failed. @ https://www.googleadservices.com/pagead/managed/js/activeview/current/reach_worklet.html:0
[ 2952972ms] [ERROR] Attestation check for Shared Storage on https://www.googleadservices.com failed. @ https://www.googleadservices.com/pagead/managed/js/activeview/current/reach_worklet.html:0
[ 2957021ms] [ERROR] Attestation check for Shared Storage on https://www.googleadservices.com failed. @ https://www.googleadservices.com/pagead/managed/js/activeview/current/reach_worklet.html:0
[ 2960490ms] [ERROR] Attestation check for Shared Storage on https://www.googleadservices.com failed. @ https://www.googleadservices.com/pagead/managed/js/activeview/current/reach_worklet.html:0
[ 2960683ms] [ERROR] Attestation check for Protected Audience on https://tlx.3lift.com failed. @ https://www.cnn.com/:0
[ 2960683ms] [ERROR] Attestation check for Protected Audience on https://fastlane.rubiconproject.com failed. @ https://www.cnn.com/:0
[ 2960685ms] [ERROR] Attestation check for Protected Audience on https://exchange.postrelease.com failed. @ https://www.cnn.com/:0
[ 2960685ms] [ERROR] Attestation check for Protected Audience on https://direct.adsrvr.org failed. @ https://www.cnn.com/:0
[ 2960685ms] [ERROR] Attestation check for Protected Audience on https://prebid.media.net failed. @ https://www.cnn.com/:0
[ 2960685ms] [ERROR] Attestation check for Protected Audience on https://hb.openwebmp.com failed. @ https://www.cnn.com/:0
[ 2960685ms] [ERROR] Attestation check for Protected Audience on https://a.teads.tv failed. @ https://www.cnn.com/:0
[ 2960685ms] [ERROR] Attestation check for Protected Audience on https://htlb.casalemedia.com failed. @ https://www.cnn.com/:0
[ 2960685ms] [ERROR] Attestation check for Protected Audience on https://grid-bidder.criteo.com failed. @ https://www.cnn.com/:0
[ 2960685ms] [ERROR] Attestation check for Protected Audience on https://krk2.kargo.com failed. @ https://www.cnn.com/:0
[ 2960685ms] [ERROR] Access to fetch at 'https://hbopenbid.pubmatic.com/translator?source=prebid-client' from origin 'https://www.cnn.com' has been blocked by CORS policy: No 'Access-Control-Allow-Origin' header is present on the requested resource. @ https://www.cnn.com/:0
[ 2960685ms] [ERROR] Failed to load resource: net::ERR_FAILED @ https://hbopenbid.pubmatic.com/translator?source=prebid-client:0
[ 2960693ms] [ERROR] Attestation check for Protected Audience on https://hbopenbid.pubmatic.com failed. @ https://www.cnn.com/:0
[ 2960869ms] [ERROR] Failed to load resource: net::ERR_NAME_NOT_RESOLVED @ https://cs.lkqd.net/cs?partnerId=59&redirect=https%3A%2F%2Fcm.g.doubleclick.net%2Fpixel%3Fgoogle_nid%3Dlkqd_dbm%26google_hm%3D%24%24rawlkqduserid%7Cbase64%24%24:0
[ 2960897ms] [ERROR] Failed to load resource: net::ERR_NAME_NOT_RESOLVED @ https://cs.lkqd.net/cs?partnerId=59&partnerUserId=CAESEOoUa8HpNCNaoKQGbBtK93A&gdpr=0&google_cver=1:0
[ 2960972ms] [WARNING] This ad's html cannot be accessed using the getHtml method on googletag.Slot. Returning the empty string instead. @ https://securepubads.g.doubleclick.net/pagead/managed/js/gpt/m202603160101/pubads_impl.js?cb=31097270:18
[ 2937490ms] [ERROR] Attestation check for Shared Storage on https://www.googleadservices.com failed. @ https://www.googleadservices.com/pagead/managed/js/activeview/current/reach_worklet.html:0
[ 2948383ms] [ERROR] Attestation check for Shared Storage on https://www.googleadservices.com failed. @ https://www.googleadservices.com/pagead/managed/js/activeview/current/reach_worklet.html:0
[ 2952972ms] [ERROR] Attestation check for Shared Storage on https://www.googleadservices.com failed. @ https://www.googleadservices.com/pagead/managed/js/activeview/current/reach_worklet.html:0
[ 2957021ms] [ERROR] Attestation check for Shared Storage on https://www.googleadservices.com failed. @ https://www.googleadservices.com/pagead/managed/js/activeview/current/reach_worklet.html:0
[ 2960490ms] [ERROR] Attestation check for Shared Storage on https://www.googleadservices.com failed. @ https://www.googleadservices.com/pagead/managed/js/activeview/current/reach_worklet.html:0
[ 2937490ms] [ERROR] Attestation check for Shared Storage on https://www.googleadservices.com failed. @ https://www.googleadservices.com/pagead/managed/js/activeview/current/reach_worklet.html:0
[ 2948383ms] [ERROR] Attestation check for Shared Storage on https://www.googleadservices.com failed. @ https://www.googleadservices.com/pagead/managed/js/activeview/current/reach_worklet.html:0
[ 2952972ms] [ERROR] Attestation check for Shared Storage on https://www.googleadservices.com failed. @ https://www.googleadservices.com/pagead/managed/js/activeview/current/reach_worklet.html:0
[ 2957021ms] [ERROR] Attestation check for Shared Storage on https://www.googleadservices.com failed. @ https://www.googleadservices.com/pagead/managed/js/activeview/current/reach_worklet.html:0
[ 2960490ms] [ERROR] Attestation check for Shared Storage on https://www.googleadservices.com failed. @ https://www.googleadservices.com/pagead/managed/js/activeview/current/reach_worklet.html:0
[ 2961185ms] [ERROR] Attestation check for Shared Storage on https://www.googleadservices.com failed. @ https://www.googleadservices.com/pagead/managed/js/activeview/current/reach_worklet.html:0
[ 2961187ms] [ERROR] Attestation check for Shared Storage on https://www.googleadservices.com failed. @ https://www.googleadservices.com/pagead/managed/js/activeview/current/reach_worklet.html:0
[ 2961427ms] [ERROR] Failed to load resource: net::ERR_NAME_NOT_RESOLVED @ https://hb.yahoo.net/cksync.php?cs=1&type=58280&ovsid=bac5bfa6-859d-452a-aa00-bedbf3bfb42a:0
[ 2963234ms] [ERROR] Attestation check for Shared Storage on https://securepubads.g.doubleclick.net failed. @ https://imasdk.googleapis.com/js/core/bridge3.750.0_en.html#deid=%22%22&eventfe_experiment_ids=%5B%5D&fid=%22goog_320840749%22&genotype_experiment_data=%7B%22experimentStateProto%22%3A%22%5B%5B%5B45713128%2Cnull%2Cnull%2C%5B%5D%5D%2C%5Bnull%2C745150931%2Cnull%2C%5Bnull%2C1%5D%5D%2C%5Bnull%2C749060184%2Cnull%2C%5Bnull%2C128%5D%5D%2C%5B841585769%2Cnull%2Cnull%2C%5B1%5D%5D%2C%5B45761044%2Cnull%2Cnull%2C%5B%5D%5D%2C%5B45722344%2Cnull%2Cnull%2C%5B%5D%5D%2C%5B45706017%2Cnull%2Cnull%2C%5B1%5D%5D%2C%5B45740207%2Cnull%2Cnull%2C%5B%5D%5D%2C%5B45668885%2Cnull%2Cnull%2C%5B%5D%5D%2C%5B45685340%2Cnull%2Cnull%2C%5B%5D%5D%2C%5B45734716%2Cnull%2Cnull%2C%5B%5D%5D%2C%5B45735891%2Cnull%2Cnull%2C%5B%5D%5D%2C%5B45663239%2Cnull%2Cnull%2C%5B%5D%5D%2C%5B45715032%2Cnull%2Cnull%2C%5B1%5D%5D%2C%5B45661356%2Cnull%2Cnull%2C%5B%5D%5D%2C%5B839547366%2Cnull%2Cnull%2C%5B1%5D%5D%2C%5B45676441%2Cnull%2Cnull%2C%5B%5D%5D%2C%5B45675307%2Cnull%2Cnull%2C%5B1%5D%5D%2C%5B45675308%2Cnull%2Cnull%2C%5B1%5D%5D%2C%5Bnull%2C45645574%2Cnull%2C%5B%5D%5D%2C%5B45688859%2Cnull%2Cnull%2C%5B%5D%5D%2C%5B45656766%2Cnull%2Cnull%2C%5B%5D%5D%2C%5B45710689%2Cnull%2Cnull%2C%5B%5D%5D%2C%5B45710688%2Cnull%2Cnull%2C%5B1%5D%5D%2C%5B45685601%2Cnull%2Cnull%2C%5B%5D%5D%2C%5Bnull%2C45685602%2Cnull%2C%5Bnull%2C500%5D%5D%2C%5Bnull%2C45767902%2Cnull%2C%5Bnull%2C500%5D%5D%2C%5B45756824%2Cnull%2Cnull%2C%5B%5D%5D%2C%5B45747172%2Cnull%2Cnull%2C%5B%5D%5D%2C%5B775241416%2Cnull%2Cnull%2C%5B%5D%5D%2C%5B781107959%2Cnull%2Cnull%2C%5B%5D%5D%2C%5B781107958%2Cnull%2Cnull%2C%5B%5D%5D%2C%5B792614055%2Cnull%2Cnull%2C%5B%5D%5D%2C%5B781107957%2Cnull%2Cnull%2C%5B%5D%5D%2C%5B45729602%2Cnull%2Cnull%2C%5B%5D%5D%2C%5B45753603%2Cnull%2Cnull%2C%5B%5D%5D%2C%5B45753604%2Cnull%2Cnull%2C%5B%5D%5D%2C%5B45658982%2Cnull%2Cnull%2C%5B%5D%5D%2C%5B45725657%2Cnull%2Cnull%2C%5B%5D%5D%5D%2C%5B%5B16%2C%5B%5B1%2C%5B%5B31089630%5D%2C%5B31089631%2C%5B%5B45668885%2Cnull%2Cnull%2C%5B1%5D%5D%5D%5D%5D%5D%2C%5B1000%2C%5B%5B95332046%5D%5D%5D%2C%5Bnull%2C%5B%5B95332047%5D%5D%5D%2C%5B10%2C%5B%5B95338769%2C%5B%5Bnull%2C45645574%2Cnull%2C%5Bnull%2C1%5D%5D%5D%5D%2C%5B95338770%2C%5B%5Bnull%2C45645574%2Cnull%2C%5Bnull%2C2%5D%5D%5D%5D%5D%5D%2C%5B50%2C%5B%5B95345206%5D%2C%5B95345207%2C%5B%5B45661356%2Cnull%2Cnull%2C%5B1%5D%5D%5D%5D%5D%5D%2C%5B1%2C%5B%5B95351425%5D%2C%5B95351426%2C%5B%5B45676441%2Cnull%2Cnull%2C%5B1%5D%5D%5D%5D%5D%5D%2C%5B20%2C%5B%5B95356068%5D%2C%5B95356069%2C%5B%5B45685601%2Cnull%2Cnull%2C%5B%5D%5D%2C%5Bnull%2C45685602%2Cnull%2C%5B%5D%5D%5D%5D%2C%5B95356070%2C%5B%5B45685601%2Cnull%2Cnull%2C%5B1%5D%5D%2C%5Bnull%2C45685602%2Cnull%2C%5B%5D%5D%5D%5D%2C%5B95356071%2C%5B%5B45685601%2Cnull%2Cnull%2C%5B1%5D%5D%2C%5Bnull%2C45685602%2Cnull%2C%5Bnull%2C100%5D%5D%5D%5D%5D%5D%2C%5B1%2C%5B%5B95373378%2C%5B%5B792614055%2Cnull%2Cnull%2C%5B1%5D%5D%5D%5D%2C%5B95373379%2C%5B%5B45747172%2Cnull%2Cnull%2C%5B1%5D%5D%2C%5B781107959%2Cnull%2Cnull%2C%5B1%5D%5D%2C%5B792614055%2Cnull%2Cnull%2C%5B1%5D%5D%2C%5B781107957%2Cnull%2Cnull%2C%5B1%5D%5D%5D%5D%5D%5D%2C%5Bnull%2C%5B%5B95375930%5D%2C%5B95375931%2C%5B%5B45734716%2Cnull%2Cnull%2C%5B1%5D%5D%5D%5D%2C%5B95376520%2C%5B%5B45734716%2Cnull%2Cnull%2C%5B1%5D%5D%2C%5B45735891%2Cnull%2Cnull%2C%5B1%5D%5D%5D%5D%5D%5D%2C%5Bnull%2C%5B%5B95378095%5D%2C%5B95378096%2C%5B%5B45740207%2Cnull%2Cnull%2C%5B1%5D%5D%5D%5D%5D%5D%2C%5B10%2C%5B%5B95378629%5D%2C%5B95378630%2C%5B%5B45729602%2Cnull%2Cnull%2C%5B1%5D%5D%5D%5D%2C%5B95381582%2C%5B%5B45729602%2Cnull%2Cnull%2C%5B1%5D%5D%2C%5B45753603%2Cnull%2Cnull%2C%5B1%5D%5D%5D%5D%2C%5B95381583%2C%5B%5B45729602%2Cnull%2Cnull%2C%5B1%5D%5D%2C%5B45753604%2Cnull%2Cnull%2C%5B1%5D%5D%5D%5D%5D%5D%2C%5B10%2C%5B%5B95382403%5D%2C%5B95385607%2C%5B%5Bnull%2C45767902%2Cnull%2C%5Bnull%2C100%5D%5D%2C%5B45756824%2Cnull%2Cnull%2C%5B1%5D%5D%5D%5D%2C%5B95385608%2C%5B%5Bnull%2C45767902%2Cnull%2C%5Bnull%2C200%5D%5D%2C%5B45756824%2Cnull%2Cnull%2C%5B1%5D%5D%5D%5D%2C%5B95385609%2C%5B%5Bnull%2C45767902%2Cnull%2C%5Bnull%2C300%5D%5D%2C%5B45756824%2Cnull%2Cnull%2C%5B1%5D%5D%5D%5D%2C%5B95385610%2C%5B%5Bnull%2C45767902%2Cnull%2C%5Bnull%2C400%5D%5D%2C%5B45756824%2Cnull%2Cnull%2C%5B1%5D%5D%5D%5D%2C%5B95385611%2C%5B%5Bnull%2C45767902%2Cnull%2C%5Bnull%2C500%5D%5D%2C%5B45756824%2Cnull%2Cnull%2C%5B1%5D%5D%5D%5D%5D%5D%2C%5B1%2C%5B%5B95384561%5D%2C%5B95384562%2C%5B%5B846355750%2Cnull%2Cnull%2C%5B1%5D%5D%5D%5D%5D%5D%2C%5B10%2C%5B%5B95385117%5D%2C%5B95385118%2C%5B%5B45761044%2Cnull%2Cnull%2C%5B1%5D%5D%5D%5D%5D%5D%5D%5D%5D%2Cnull%2Cnull%2C%5Bnull%2C1000%2C1%2C1000%5D%5D%22%7D&imalib_experiments=%5B95322027%2C95331589%2C95332046%5D&is_eap_loader=false&managed_js_experiment_id=0&page_correlator=429900317675782&pvsid=1825785387742464&top_accessible_page_url=%22https%3A%2F%2Fwww.cnn.com%2F%22:0
[ 2965602ms] [ERROR] Attestation check for Protected Audience on https://prebid.media.net failed. @ https://www.cnn.com/:0
[ 2965602ms] [ERROR] Attestation check for Protected Audience on https://a.teads.tv failed. @ https://www.cnn.com/:0
[ 2965602ms] [ERROR] Attestation check for Protected Audience on https://hb.openwebmp.com failed. @ https://www.cnn.com/:0
[ 2965602ms] [ERROR] Attestation check for Protected Audience on https://fastlane.rubiconproject.com failed. @ https://www.cnn.com/:0
[ 2965602ms] [ERROR] Attestation check for Protected Audience on https://htlb.casalemedia.com failed. @ https://www.cnn.com/:0
[ 2965602ms] [ERROR] Attestation check for Protected Audience on https://tlx.3lift.com failed. @ https://www.cnn.com/:0
[ 2965602ms] [ERROR] Attestation check for Protected Audience on https://exchange.postrelease.com failed. @ https://www.cnn.com/:0
[ 2965602ms] [ERROR] Attestation check for Protected Audience on https://direct.adsrvr.org failed. @ https://www.cnn.com/:0
[ 2965602ms] [ERROR] Attestation check for Protected Audience on https://grid-bidder.criteo.com failed. @ https://www.cnn.com/:0
[ 2965604ms] [ERROR] Attestation check for Protected Audience on https://hbopenbid.pubmatic.com failed. @ https://www.cnn.com/:0
[ 2966605ms] [ERROR] Access to fetch at 'https://hb.openwebmp.com/hb-multi' from origin 'https://www.cnn.com' has been blocked by CORS policy: No 'Access-Control-Allow-Origin' header is present on the requested resource. @ https://www.cnn.com/:0
[ 2966605ms] [ERROR] Failed to load resource: net::ERR_FAILED @ https://hb.openwebmp.com/hb-multi:0
[ 2967092ms] [WARNING] An iframe which has both allow-scripts and allow-same-origin for its sandbox attribute can escape its sandboxing. @ https://cadmus.script.ac/d2uap9jskdzp2/script.js:0
[ 2937490ms] [ERROR] Attestation check for Shared Storage on https://www.googleadservices.com failed. @ https://www.googleadservices.com/pagead/managed/js/activeview/current/reach_worklet.html:0
[ 2948383ms] [ERROR] Attestation check for Shared Storage on https://www.googleadservices.com failed. @ https://www.googleadservices.com/pagead/managed/js/activeview/current/reach_worklet.html:0
[ 2952972ms] [ERROR] Attestation check for Shared Storage on https://www.googleadservices.com failed. @ https://www.googleadservices.com/pagead/managed/js/activeview/current/reach_worklet.html:0
[ 2957021ms] [ERROR] Attestation check for Shared Storage on https://www.googleadservices.com failed. @ https://www.googleadservices.com/pagead/managed/js/activeview/current/reach_worklet.html:0
[ 2960490ms] [ERROR] Attestation check for Shared Storage on https://www.googleadservices.com failed. @ https://www.googleadservices.com/pagead/managed/js/activeview/current/reach_worklet.html:0
[ 2961185ms] [ERROR] Attestation check for Shared Storage on https://www.googleadservices.com failed. @ https://www.googleadservices.com/pagead/managed/js/activeview/current/reach_worklet.html:0
[ 2961187ms] [ERROR] Attestation check for Shared Storage on https://www.googleadservices.com failed. @ https://www.googleadservices.com/pagead/managed/js/activeview/current/reach_worklet.html:0
[ 2967302ms] [ERROR] Attestation check for Shared Storage on https://www.googleadservices.com failed. @ https://www.googleadservices.com/pagead/managed/js/activeview/current/reach_worklet.html:0
[ 2967390ms] [WARNING] This richload has both an name and id attribute. Only the name will be used to set the richload name in this context. @ https://cdn.flashtalking.com/frameworks/js/api/2/10/html5API.js:0
